[fusion] lr-select plain: lr=0.001 A-loss=5.1432
[fusion] lr-select plain: lr=0.003 A-loss=4.4588
[fusion] lr-select plain: lr=0.01 A-loss=4.1966
[fusion] lr-select fusion_e4: lr=0.001 A-loss=4.7072
[fusion] lr-select fusion_e4: lr=0.003 A-loss=4.2168
[fusion] lr-select fusion_e4: lr=0.01 A-loss=4.3204
[p2-shared] lr-select h=64: lr=0.001 A-loss=4.7072
[p2-shared] lr-select h=64: lr=0.003 A-loss=4.2168
[p2-shared] lr-select h=64: lr=0.01 A-loss=4.3204
[p2-shared] lr-select h=256: lr=0.001 A-loss=4.3175
[p2-shared] lr-select h=256: lr=0.003 A-loss=4.2584
[p2-shared] lr-select h=256: lr=0.01 A-loss=4.8852
[p2-shared] plain seed 0: A_pre=3.150 A_post=3.328 FGT=-0.178 B=2.931 wall=43.3s
[p2-shared] plain seed 1: A_pre=3.057 A_post=3.297 FGT=-0.240 B=2.899 wall=42.3s
[p2-shared] fusion_e4 seed 0: A_pre=3.030 A_post=3.240 FGT=-0.211 B=2.893 wall=48.2s
[p2-shared] fusion_e4 seed 1: A_pre=3.047 A_post=3.223 FGT=-0.176 B=2.894 wall=45.7s
[p2-shared] shared_h64 seed 0: A_pre=3.030 A_post=3.284 FGT=-0.254 B=2.903 wall=42.3s
[p2-shared] shared_h64 seed 1: A_pre=3.047 A_post=3.342 FGT=-0.295 B=2.903 wall=43.0s
[p2-shared] shared_h256 seed 0: A_pre=3.057 A_post=3.348 FGT=-0.291 B=2.929 wall=43.9s
[p2-shared] shared_h256 seed 1: A_pre=3.076 A_post=3.372 FGT=-0.296 B=2.920 wall=44.4s
[p2-shared] summary: {"plain": {"n_seeds": 2, "bpc_A_pre": 3.1035, "bpc_A_post": 3.3124, "fgt_A": -0.2089, "bpc_B": 2.915, "wall_s": 85.6}, "fusion_e4": {"n_seeds": 2, "bpc_A_pre": 3.0382, "bpc_A_post": 3.2316, "fgt_A": -0.1934, "bpc_B": 2.8937, "wall_s": 93.9}, "shared_h64": {"n_seeds": 2, "bpc_A_pre": 3.0382, "bpc_A_post": 3.3127, "fgt_A": -0.2745, "bpc_B": 2.9032, "wall_s": 85.3}, "shared_h256": {"n_seeds": 2, "bpc_A_pre": 3.0662, "bpc_A_post": 3.3601, "fgt_A": -0.2939, "bpc_B": 2.9245, "wall_s": 88.3}}
[probe2] wrote JSONs to C:\Users\Kullanıcı\Prizma\results\exploratory\fusion_probe2_2026-09-08
