[pr12] corpora: A=3906 B=3921 C=3906 segs; eval A=390 B=435 Cret=390; vocab=65; smoke=False; lr=0.003 + backbone_C=0.00075 (carried); baselines=C:\Users\Kullanıcı\Prizma\results\prizma_lm_PR-2026-09-03-11\powered.json
[pr12] PRIM-DE seed 0: resumed from ledger (bpc_B_postC=3.490)
[pr12] PRIM-DE seed 1: resumed from ledger (bpc_B_postC=3.421)
[pr12] PRIM-DE seed 2: resumed from ledger (bpc_B_postC=3.409)
[pr12] PRIM-DE seed 3: resumed from ledger (bpc_B_postC=3.409)
[pr12] PRIM-DE seed 4: resumed from ledger (bpc_B_postC=3.333)

==============================================================================
  PR-2026-09-03-12 — POWERED CLAIM CAMPAIGN
==============================================================================
    claim.PRIM-DE.s0                   lr=3e-03 A_preB=3.030 A_postC=2.768 B_postB=2.893 B_postC=3.490 Cret=2.821 wall=69.5s
      ledger: committed=4 a_expert=0 recruits=35 evictions=31 redirects=298 frac_C(1-20)to_A=0.9234
    claim.PRIM-DE.s1                   lr=3e-03 A_preB=3.047 A_postC=2.761 B_postB=2.894 B_postC=3.421 Cret=2.814 wall=67.2s
      ledger: committed=4 a_expert=0 recruits=38 evictions=34 redirects=284 frac_C(1-20)to_A=0.9859
    claim.PRIM-DE.s2                   lr=3e-03 A_preB=3.038 A_postC=2.760 B_postB=2.889 B_postC=3.409 Cret=2.811 wall=66.5s
      ledger: committed=4 a_expert=0 recruits=26 evictions=22 redirects=1667 frac_C(1-20)to_A=1.0
    claim.PRIM-DE.s3                   lr=3e-03 A_preB=3.053 A_postC=2.794 B_postB=2.897 B_postC=3.409 Cret=2.832 wall=67.2s
      ledger: committed=4 a_expert=0 recruits=33 evictions=29 redirects=431 frac_C(1-20)to_A=0.9875
    claim.PRIM-DE.s4                   lr=3e-03 A_preB=2.979 A_postC=2.745 B_postB=2.882 B_postC=3.333 Cret=2.796 wall=68.2s
      ledger: committed=4 a_expert=0 recruits=37 evictions=33 redirects=367 frac_C(1-20)to_A=0.9828
    P1: de_b_mean=3.4124 vs FORCED_B-0.10=3.3124 [untreated PRIM_B=3.6119] -> PASS
    P2: frac_mean=0.976 (bar >= 0.5) [PR-11 untreated 0.575] -> PASS
    G1: mean=-0.2638 CI=[-0.2887, -0.2389] p_raw=0.0000 p_holm=0.0000 -> PASS
    G2: mean=0.2975 CI=[0.1027, 0.4924] p_raw=0.0240 p_holm=0.0240 -> PASS
    B4 PRIM-DE: B-eval degradation post-C mean +0.5213 (reported, not gated)
    B4 PRIM-LM (PR-11 untreated): B-eval degradation post-C mean +0.7209 (reported, not gated)
    B4 FORCED-RECRUIT (PR-11): B-eval degradation post-C mean +0.5214 (reported, not gated)
    churn PRIM-DE: {'s0': {'recruits': 35, 'evictions': 31, 'vetoed_novel_segments': 0, 'domain_protect_redirects': 0}, 's1': {'recruits': 38, 'evictions': 34, 'vetoed_novel_segments': 0, 'domain_protect_redirects': 0}, 's2': {'recruits': 26, 'evictions': 22, 'vetoed_novel_segments': 2, 'domain_protect_redirects': 0}, 's3': {'recruits': 33, 'evictions': 29, 'vetoed_novel_segments': 0, 'domain_protect_redirects': 0}, 's4': {'recruits': 37, 'evictions': 33, 'vetoed_novel_segments': 0, 'domain_protect_redirects': 0}}
  OUTCOME: CLAIMED
  CLAIMED — domain-exclusion closes the clause-(b) value gap (P1) while the repaired boundary routing holds (P2) and retention/adaptation stay intact (G1/G2): the argmin C-leak was the remaining defect. S2c = the full 5-arm flagship with the exclusion lever (own prereg).
  ledger: C:\Users\Kullanıcı\Prizma\results\domainexc_PR-2026-09-03-12\powered.json
  raw archive: C:\Users\Kullanıcı\Prizma\results\runs\domainexc-PR-2026-09-03-12-20260909T173008Z.json
==============================================================================
